../Core/Src/main.c:80:13:usb_printf	176	static
../Core/Src/main.c:100:13:short_delay_cycles	16	static,ignoring_inline_asm
../Core/Src/main.c:109:13:ds18b20_pin_output	32	static
../Core/Src/main.c:119:13:ds18b20_pin_input	32	static
../Core/Src/main.c:129:16:ds18b20_reset	16	static
../Core/Src/main.c:150:13:ds18b20_write_bit	16	static
../Core/Src/main.c:170:16:ds18b20_read_bit	16	static
../Core/Src/main.c:186:13:ds18b20_write_byte	24	static
../Core/Src/main.c:195:16:ds18b20_read_byte	16	static
../Core/Src/main.c:205:14:ds18b20_get_temperature	16	static
../Core/Src/main.c:235:26:read_adxl345	40	static
../Core/Src/main.c:247:13:fill_acc_buffer	24	static
../Core/Src/main.c:260:17:read_water_level_adc	32	static
../Core/Src/main.c:274:13:calibrate_full_water_level	8	static
../Core/Src/main.c:283:13:pump_on	8	static
../Core/Src/main.c:284:13:pump_off	8	static
../Core/Src/main.c:292:5:main	56	static
../Core/Src/main.c:401:6:SystemClock_Config	88	static
../Core/Src/main.c:451:6:Error_Handler	4	static,ignoring_inline_asm
