../Core/Src/main.c:37:6:usb_printf	144	static
../Core/Src/main.c:48:19:Read_ADXL345	40	static
../Core/Src/main.c:59:6:fill_accelerometer_buffer	24	static
../Core/Src/main.c:71:10:read_adc_channel	40	static
../Core/Src/main.c:85:10:read_water_level	8	static
../Core/Src/main.c:90:6:DS18B20_Pin_Output	32	static
../Core/Src/main.c:98:6:DS18B20_Pin_Input	32	static
../Core/Src/main.c:106:9:DS18B20_Reset	16	static
../Core/Src/main.c:118:6:DS18B20_Write	24	static
../Core/Src/main.c:128:9:DS18B20_Read	16	static
../Core/Src/main.c:139:7:DS18B20_GetTemp	16	static
../Core/Src/main.c:156:6:calibrate_full_water_level	8	static
../Core/Src/main.c:163:6:pump_on	8	static
../Core/Src/main.c:164:6:pump_off	8	static
../Core/Src/main.c:166:5:main	56	static
../Core/Src/main.c:227:6:SystemClock_Config	88	static
../Core/Src/main.c:255:6:Error_Handler	4	static,ignoring_inline_asm
